// Vitest Snapshot v1, https://vitest.dev/guide/snapshot.html

exports[`logger B 1`] = `
[
  " info This info 2 should be logged",
  " info This info 3 should be logged too",
  " good This success 0 should be logged",
  " warn This warn 1 should be logged",
]
`;

exports[`logger D 1`] = `
[
  " info This info 4 should be logged 12",
  " info This info 5 should be logged too [1,2,3]",
  " warn This warn 3 should be logged {'isKeyC':true,'keyA':1,'keyB':'John'}",
  "error This error 5 should be logged null",
  "   ✓  This test 4 should be logged undefined",
  "   ✗  This test 5 should be logged () => 'Hello world'",
  "debug This debug 1 should be logged true [] {}",
]
`;
